input/Flow_20\ACQ2\DICOM/02/763.dcm
================================================
DD,16,19:16
================================================
DD,44,20:44
================================================
DD,25,02:25
================================================
DD,21,12:21
================================================
DD,15,13:15
================================================
01:28
================================================
01:36
================================================
01:41
================================================
01:47
================================================
01:55
================================================
01:59
================================================
02:09
================================================
05:00
================================================
17:38
================================================
23:44
================================================
00:17
================================================
00:49
================================================
02:04
